******************************************************************************
                  TI ARM Linker PC v20.2.7                     
******************************************************************************
>> Linked Sat May  2 03:19:37 2026

OUTPUT FILE NAME:   <Color Sensor Maze.out>
ENTRY POINT SYMBOL: "_c_int00_noargs"  address: 00003f19


MEMORY CONFIGURATION

         name            origin    length      used     unused   attr    fill
----------------------  --------  ---------  --------  --------  ----  --------
  MAIN                  00000000   00040000  0000437d  0003bc83  R  X
  INFO                  00200000   00004000  00000000  00004000  R  X
  SRAM_CODE             01000000   00010000  000009e9  0000f617  RW X
  SRAM_DATA             20000000   00010000  000009e9  0000f617  RW  


SEGMENT ALLOCATION MAP

run origin  load origin   length   init length attrs members
----------  ----------- ---------- ----------- ----- -------
00000000    00000000    00004380   00004380    r-x
  00000000    00000000    000000e4   000000e4    r-- .intvecs
  000000e4    000000e4    00004100   00004100    r-x .text
  000041e4    000041e4    00000101   00000101    r-- .const
  000042e8    000042e8    00000098   00000098    r-- .cinit
20000000    20000000    000007e9   00000000    rw-
  20000000    20000000    00000400   00000000    rw- .sysmem
  20000400    20000400    00000210   00000000    rw- .data
  20000610    20000610    000001d9   00000000    rw- .bss
2000fe00    2000fe00    00000200   00000000    rw-
  2000fe00    2000fe00    00000200   00000000    rw- .stack


SECTION ALLOCATION MAP

 output                                  attributes/
section   page    origin      length       input sections
--------  ----  ----------  ----------   ----------------
.intvecs   0    00000000    000000e4     
                  00000000    000000e4     startup_msp432p401r_ccs.obj (.intvecs:retain)

.text      0    000000e4    00004100     
                  000000e4    00000a4e     rtsv7M4_T_le_v4SPD16_eabi.lib : _printfi.c.obj (.text:__TI_printfi)
                  00000b32    00000002                                   : _lock.c.obj (.text:_nop)
                  00000b34    00000474     EUSCI_A0_UART.obj (.text)
                  00000fa8    00000458     PmodColor.obj (.text)
                  00001400    00000334     system_msp432p401r.obj (.text)
                  00001734    000002ec     GPIO.obj (.text)
                  00001a20    00000270     rtsv7M4_T_le_v4SPD16_eabi.lib : _printfi.c.obj (.text:_pconv_a)
                  00001c90    000001e0     Clock.obj (.text)
                  00001e70    000001d0     rtsv7M4_T_le_v4SPD16_eabi.lib : _printfi.c.obj (.text:_pconv_g)
                  00002040    000001b6                                   : fd_add_t2.asm.obj (.text)
                  000021f6    00000002                                   : div0.asm.obj (.text)
                  000021f8    0000013c                                   : _printfi.c.obj (.text:_pconv_e)
                  00002334    00000136                                   : fd_div_t2.asm.obj (.text)
                  0000246a    00000002     --HOLE-- [fill = 0]
                  0000246c    00000124                                   : _printfi.c.obj (.text:fcvt)
                  00002590    00000118     main.obj (.text)
                  000026a8    00000114     rtsv7M4_T_le_v4SPD16_eabi.lib : fputs.c.obj (.text:fputs)
                  000027bc    00000110                                   : fopen.c.obj (.text:_openfile)
                  000028cc    00000110                                   : s_scalbn.c.obj (.text:scalbn)
                  000029dc    00000100                                   : memory.c.obj (.text:aligned_alloc)
                  00002adc    000000fc                                   : fd_mul_t2.asm.obj (.text)
                  00002bd8    000000e8     Bumper_Switches.obj (.text)
                  00002cc0    000000e4     rtsv7M4_T_le_v4SPD16_eabi.lib : memory.c.obj (.text:free)
                  00002da4    000000dc                                   : setvbuf.c.obj (.text:setvbuf)
                  00002e80    000000bc                                   : open.c.obj (.text:open)
                  00002f3c    000000b8                                   : add_device.c.obj (.text:add_device)
                  00002ff4    000000b1                                   : _printfi.c.obj (.text:_ltostr)
                  000030a5    00000003     --HOLE-- [fill = 0]
                  000030a8    000000b0     Timer_A1_Interrupt.obj (.text)
                  00003158    0000009c     rtsv7M4_T_le_v4SPD16_eabi.lib : fopen.c.obj (.text:fopen)
                  000031f4    0000009c                                   : memcpy_t2.asm.obj (.text)
                  00003290    00000096                                   : ull_div_t2.asm.obj (.text)
                  00003326    00000002     --HOLE-- [fill = 0]
                  00003328    0000008c                                   : fputc.c.obj (.text:fputc)
                  000033b4    00000086                                   : fd_cmp_t2.asm.obj (.text:__aeabi_cdcmple)
                  0000343a    00000086                                   : fd_cmp_t2.asm.obj (.text:__aeabi_cdrcmple)
                  000034c0    0000007a                                   : memset_t2.asm.obj (.text)
                  0000353a    00000002     --HOLE-- [fill = 0]
                  0000353c    00000074                                   : fclose.c.obj (.text:__TI_closefile)
                  000035b0    00000070                                   : memory.c.obj (.text:split)
                  00003620    0000006e                                   : _printfi.c.obj (.text:_mcpy)
                  0000368e    00000002     --HOLE-- [fill = 0]
                  00003690    0000006c                                   : hostrename.c.obj (.text:HOSTrename)
                  000036fc    00000068                                   : hostlseek.c.obj (.text:HOSTlseek)
                  00003764    00000068                                   : copy_decompress_lzss.c.obj (.text:decompress:lzss:__TI_decompress_lzss)
                  000037cc    00000068                                   : printf.c.obj (.text:printf)
                  00003834    00000064                                   : s_frexp.c.obj (.text:frexp)
                  00003898    00000064                                   : fseek.c.obj (.text:fseek)
                  000038fc    00000062                                   : _io_perm.c.obj (.text:__TI_wrt_ok)
                  0000395e    00000002     --HOLE-- [fill = 0]
                  00003960    00000060                                   : hostopen.c.obj (.text:HOSTopen)
                  000039c0    0000005c                                   : close.c.obj (.text:close)
                  00003a1c    00000058                                   : hostread.c.obj (.text:HOSTread)
                  00003a74    00000058                                   : hostwrite.c.obj (.text:HOSTwrite)
                  00003acc    00000056                                   : _printfi.c.obj (.text:_pconv_f)
                  00003b22    00000054                                   : _ltoa.c.obj (.text:__TI_ltoa)
                  00003b76    00000052                                   : _printfi.c.obj (.text:_ecpy)
                  00003bc8    0000004c                                   : fflush.c.obj (.text:__TI_doflush)
                  00003c14    0000004c                                   : atoi.c.obj (.text:atoi)
                  00003c60    00000048                                   : exit.c.obj (.text:exit)
                  00003ca8    00000048                                   : fd_toi_t2.asm.obj (.text)
                  00003cf0    00000044                                   : hostclose.c.obj (.text:HOSTclose)
                  00003d34    00000044                                   : hostunlink.c.obj (.text:HOSTunlink)
                  00003d78    00000044                                   : autoinit.c.obj (.text:__TI_auto_init_nobinit_nopinit:__TI_auto_init_nobinit_nopinit)
                  00003dbc    00000044                                   : getdevice.c.obj (.text:getdevice)
                  00003e00    0000003e                                   : _printfi.c.obj (.text:_fcpy)
                  00003e3e    00000002     --HOLE-- [fill = 0]
                  00003e40    00000038                                   : trgmsg.c.obj (.text:__TI_writemsg)
                  00003e78    00000036                                   : strncpy.c.obj (.text:strncpy)
                  00003eae    00000002     --HOLE-- [fill = 0]
                  00003eb0    00000034                                   : fopen.c.obj (.text:__TI_cleanup)
                  00003ee4    00000034                                   : trgmsg.c.obj (.text:__TI_readmsg)
                  00003f18    00000034                                   : boot_cortex_m.c.obj (.text:_c_int00_noargs:_c_int00_noargs)
                  00003f4c    00000034                                   : fopen.c.obj (.text:freopen)
                  00003f80    00000030                                   : getdevice.c.obj (.text:finddevice)
                  00003fb0    0000002e                                   : i_tofd_t2.asm.obj (.text)
                  00003fde    0000002c     CortexM.obj (.text)
                  0000400a    00000002     --HOLE-- [fill = 0]
                  0000400c    0000002c     rtsv7M4_T_le_v4SPD16_eabi.lib : unlink.c.obj (.text:unlink)
                  00004038    00000028                                   : memory.c.obj (.text:free_list_insert)
                  00004060    00000028                                   : lseek.c.obj (.text:lseek)
                  00004088    00000028                                   : write.c.obj (.text:write)
                  000040b0    00000020                                   : memchr.c.obj (.text:memchr)
                  000040d0    0000001c                                   : copy_zero_init.c.obj (.text:decompress:ZI:__TI_zero_init_nomemset:__TI_zero_init_nomemset)
                  000040ec    0000001c                                   : memory.c.obj (.text:free_list_remove)
                  00004108    0000001c                                   : memccpy.c.obj (.text:memccpy)
                  00004124    0000001a                                   : s_copysign.c.obj (.text:copysign)
                  0000413e    00000018                                   : strcmp.c.obj (.text:strcmp)
                  00004156    00000016                                   : strchr.c.obj (.text:strchr)
                  0000416c    00000014                                   : strcpy.c.obj (.text:strcpy)
                  00004180    00000014                                   : strlen.c.obj (.text:strlen)
                  00004194    00000012                                   : wcslen.c.obj (.text:wcslen)
                  000041a6    0000000e                                   : copy_decompress_none.c.obj (.text:decompress:none:__TI_decompress_none)
                  000041b4    0000000e     startup_msp432p401r_ccs.obj (.text)
                  000041c2    00000002     --HOLE-- [fill = 0]
                  000041c4    00000008     rtsv7M4_T_le_v4SPD16_eabi.lib : errno.c.obj (.text:__aeabi_errno_addr)
                  000041cc    00000008                                   : memory.c.obj (.text:malloc)
                  000041d4    00000004                                   : printf.c.obj (.text:_outc)
                  000041d8    00000004                                   : printf.c.obj (.text:_outs)
                  000041dc    00000004                                   : pre_init.c.obj (.text:_system_pre_init)
                  000041e0    00000004                                   : exit.c.obj (.text:abort:abort)

.const     0    000041e4    00000101     
                  000041e4    00000101     rtsv7M4_T_le_v4SPD16_eabi.lib : ctype.c.obj (.const:.string:_ctypes_)

.cinit     0    000042e8    00000098     
                  000042e8    00000071     (.cinit..data.load) [load image, compression = lzss]
                  00004359    00000003     --HOLE-- [fill = 0]
                  0000435c    0000000c     (__TI_handler_table)
                  00004368    00000008     (.cinit..bss.load) [load image, compression = zero_init]
                  00004370    00000010     (__TI_cinit_table)

.init_array 
*          0    00000000    00000000     UNINITIALIZED

.binit     0    00000000    00000000     

.sysmem    0    20000000    00000400     UNINITIALIZED
                  20000000    00000010     rtsv7M4_T_le_v4SPD16_eabi.lib : memory.c.obj (.sysmem)
                  20000010    000003f0     --HOLE--

.data      0    20000400    00000210     UNINITIALIZED
                  20000400    000000f0     rtsv7M4_T_le_v4SPD16_eabi.lib : defs.c.obj (.data:_ftable)
                  200004f0    00000078                                   : host_device.c.obj (.data:_device)
                  20000568    00000050                                   : host_device.c.obj (.data:_stream)
                  200005b8    00000018     Clock.obj (.data)
                  200005d0    00000010     rtsv7M4_T_le_v4SPD16_eabi.lib : defs.c.obj (.data)
                  200005e0    0000000c                                   : exit.c.obj (.data:$O1$$)
                  200005ec    00000008                                   : _lock.c.obj (.data:$O1$$)
                  200005f4    00000008                                   : memory.c.obj (.data:$O1$$)
                  200005fc    00000004                                   : add_device.c.obj (.data)
                  20000600    00000004                                   : errno.c.obj (.data)
                  20000604    00000004                                   : fopen.c.obj (.data)
                  20000608    00000004                                   : open.c.obj (.data)
                  2000060c    00000004     system_msp432p401r.obj (.data)

.bss       0    20000610    000001d9     UNINITIALIZED
                  20000610    00000120     rtsv7M4_T_le_v4SPD16_eabi.lib : trgmsg.c.obj (.bss:_CIOBUF_)
                  20000730    000000a0     (.common:__TI_tmpnams)
                  200007d0    00000008     main.obj (.bss:g_color_data)
                  200007d8    00000008     (.common:parmbuf)
                  200007e0    00000004     (.common:Bumper_Task)
                  200007e4    00000004     (.common:Timer_A1_Task)
                  200007e8    00000001     main.obj (.bss)

.stack     0    2000fe00    00000200     UNINITIALIZED
                  2000fe00    00000004     rtsv7M4_T_le_v4SPD16_eabi.lib : boot_cortex_m.c.obj (.stack)
                  2000fe04    000001fc     --HOLE--

__llvm_prf_cnts 
*          0    20000000    00000000     UNINITIALIZED

MODULE SUMMARY

       Module                        code    ro data   rw data
       ------                        ----    -------   -------
    .\
       system_msp432p401r.obj        820     0         8      
       main.obj                      280     0         18     
       startup_msp432p401r_ccs.obj   14      228       0      
    +--+-----------------------------+-------+---------+---------+
       Total:                        1114    228       26     
                                                              
    .\src\
       EUSCI_A0_UART.obj             1140    0         0      
       PmodColor.obj                 1112    0         0      
       GPIO.obj                      748     0         0      
       Clock.obj                     480     0         48     
       Bumper_Switches.obj           232     0         8      
       Timer_A1_Interrupt.obj        176     0         8      
       CortexM.obj                   44      0         0      
    +--+-----------------------------+-------+---------+---------+
       Total:                        3932    0         64     
                                                              
    C:\ti\ccs1260\ccs\tools\compiler\ti-cgt-arm_20.2.7.LTS\lib\rtsv7M4_T_le_v4SPD16_eabi.lib
       _printfi.c.obj                4851    0         0      
       defs.c.obj                    0       0         832    
       memory.c.obj                  672     0         16     
       trgmsg.c.obj                  108     0         576    
       fopen.c.obj                   532     0         8      
       fd_add_t2.asm.obj             438     0         0      
       host_device.c.obj             0       0         400    
       fd_div_t2.asm.obj             310     0         0      
       fputs.c.obj                   276     0         0      
       s_scalbn.c.obj                272     0         0      
       fd_cmp_t2.asm.obj             268     0         0      
       ctype.c.obj                   0       257       0      
       fd_mul_t2.asm.obj             252     0         0      
       setvbuf.c.obj                 220     0         0      
       open.c.obj                    188     0         8      
       add_device.c.obj              184     0         8      
       memcpy_t2.asm.obj             156     0         0      
       ull_div_t2.asm.obj            150     0         0      
       fputc.c.obj                   140     0         0      
       memset_t2.asm.obj             122     0         0      
       fclose.c.obj                  116     0         0      
       getdevice.c.obj               116     0         0      
       hostopen.c.obj                96      0         16     
       printf.c.obj                  112     0         0      
       hostrename.c.obj              108     0         0      
       copy_decompress_lzss.c.obj    104     0         0      
       hostlseek.c.obj               104     0         0      
       exit.c.obj                    76      0         24     
       fseek.c.obj                   100     0         0      
       s_frexp.c.obj                 100     0         0      
       _io_perm.c.obj                98      0         0      
       close.c.obj                   92      0         0      
       hostread.c.obj                88      0         0      
       hostwrite.c.obj               88      0         0      
       _ltoa.c.obj                   84      0         0      
       atoi.c.obj                    76      0         0      
       fflush.c.obj                  76      0         0      
       fd_toi_t2.asm.obj             72      0         0      
       autoinit.c.obj                68      0         0      
       hostclose.c.obj               68      0         0      
       hostunlink.c.obj              68      0         0      
       strncpy.c.obj                 54      0         0      
       boot_cortex_m.c.obj           52      0         0      
       i_tofd_t2.asm.obj             46      0         0      
       unlink.c.obj                  44      0         0      
       lseek.c.obj                   40      0         0      
       write.c.obj                   40      0         0      
       memchr.c.obj                  32      0         0      
       copy_zero_init.c.obj          28      0         0      
       memccpy.c.obj                 28      0         0      
       s_copysign.c.obj              26      0         0      
       strcmp.c.obj                  24      0         0      
       strchr.c.obj                  22      0         0      
       strcpy.c.obj                  20      0         0      
       strlen.c.obj                  20      0         0      
       _lock.c.obj                   2       0         16     
       wcslen.c.obj                  18      0         0      
       errno.c.obj                   8       0         8      
       copy_decompress_none.c.obj    14      0         0      
       pre_init.c.obj                4       0         0      
       div0.asm.obj                  2       0         0      
    +--+-----------------------------+-------+---------+---------+
       Total:                        11573   257       1912   
                                                              
       Heap:                         0       0         2048   
       Stack:                        0       0         1024   
       Linker Generated:             0       149       0      
    +--+-----------------------------+-------+---------+---------+
       Grand Total:                  16619   634       5074   


LINKER GENERATED COPY TABLES

__TI_cinit_table @ 00004370 records: 2, size/record: 8, table size: 16
	.data: load addr=000042e8, load size=00000071 bytes, run addr=20000400, run size=00000210 bytes, compression=lzss
	.bss: load addr=00004368, load size=00000008 bytes, run addr=20000610, run size=000001d9 bytes, compression=zero_init


LINKER GENERATED HANDLER TABLE

__TI_handler_table @ 0000435c records: 3, size/record: 4, table size: 12
	index: 0, handler: __TI_decompress_lzss
	index: 1, handler: __TI_decompress_none
	index: 2, handler: __TI_zero_init


GLOBAL SYMBOLS: SORTED ALPHABETICALLY BY Name 

address   name                           
-------   ----                           
000041c1  ADC14_IRQHandler               
000041c1  AES256_IRQHandler              
00002c4b  Bumper_Read                    
00002bd9  Bumper_Switches_Init           
200007e0  Bumper_Task                    
000041c1  BusFault_Handler               
0000180d  Buttons_Init                   
000041e1  C$$EXIT                        
00003e6f  C$$IO$$                        
000041c1  COMP_E0_IRQHandler             
000041c1  COMP_E1_IRQHandler             
200005c0  CPMwait                        
000041c1  CS_IRQHandler                  
200005b8  ClockFrequency                 
00001de5  Clock_Delay1ms                 
00001dbb  Clock_Delay1us                 
00001da7  Clock_GetFreq                  
00001c91  Clock_Init48MHz                
200005cc  Crystalstable                  
000041c1  DMA_ERR_IRQHandler             
000041c1  DMA_INT0_IRQHandler            
000041c1  DMA_INT1_IRQHandler            
000041c1  DMA_INT2_IRQHandler            
000041c1  DMA_INT3_IRQHandler            
000041c1  DebugMon_Handler               
000041c1  Default_Handler                
00003fdf  DisableInterrupts              
000041c1  EUSCIA0_IRQHandler             
000041c1  EUSCIA1_IRQHandler             
000041c1  EUSCIA2_IRQHandler             
000041c1  EUSCIA3_IRQHandler             
000041c1  EUSCIB0_IRQHandler             
000041c1  EUSCIB1_IRQHandler             
000041c1  EUSCIB2_IRQHandler             
000041c1  EUSCIB3_IRQHandler             
00000e79  EUSCI_A0_UART_Close            
00000b83  EUSCI_A0_UART_InChar           
00000baf  EUSCI_A0_UART_InString         
00000c47  EUSCI_A0_UART_InUDec           
00000b35  EUSCI_A0_UART_Init             
00000f1b  EUSCI_A0_UART_Init_Printf      
00000ef1  EUSCI_A0_UART_LSeek            
00000e69  EUSCI_A0_UART_Open             
00000b93  EUSCI_A0_UART_OutChar          
00000cfb  EUSCI_A0_UART_OutSDec          
00000c29  EUSCI_A0_UART_OutString        
00000ccb  EUSCI_A0_UART_OutUDec          
00000d1d  EUSCI_A0_UART_OutUFix          
00000e29  EUSCI_A0_UART_OutUHex          
00000e85  EUSCI_A0_UART_Read             
00000f0d  EUSCI_A0_UART_Rename           
00000f01  EUSCI_A0_UART_Unlink           
00000eaf  EUSCI_A0_UART_Write            
00003fe5  EnableInterrupts               
00003ff5  EndCritical                    
000041c1  FLCTL_IRQHandler               
000041c1  FPU_IRQHandler                 
00001841  Get_Buttons_Status             
000018cd  Get_PMOD_SWT_Status            
00003cf1  HOSTclose                      
000036fd  HOSTlseek                      
00003961  HOSTopen                       
00003a1d  HOSTread                       
00003691  HOSTrename                     
00003d35  HOSTunlink                     
00003a75  HOSTwrite                      
000041c1  HardFault_Handler              
200005c8  IFlags                         
00001735  LED1_Init                      
00001755  LED1_Output                    
00001773  LED1_Status                    
0000178b  LED2_Init                      
000017bf  LED2_Output                    
000017f5  LED2_Status                    
000017dd  LED2_Toggle                    
00001999  LED_Controller                 
000018e5  LED_Pattern_1                  
00001955  LED_Pattern_2                  
000041c1  MemManage_Handler              
000041c1  NMI_Handler                    
000041c1  PCM_IRQHandler                 
00001859  PMOD_8LD_Init                  
0000188d  PMOD_8LD_Output                
000018ad  PMOD_SWT_Init                  
000041c1  PORT1_IRQHandler               
000041c1  PORT2_IRQHandler               
000041c1  PORT3_IRQHandler               
00002c77  PORT4_IRQHandler               
00002c77  PORT4_IRQHandler               
000041c1  PORT5_IRQHandler               
000041c1  PORT6_IRQHandler               
000041c1  PSS_IRQHandler                 
000041c1  PendSV_Handler                 
00001033  PmodColor_GetDetectedColor     
00000fa9  PmodColor_Init                 
00000fd1  PmodColor_ReadRaw              
200005c4  Postwait                       
200005bc  Prewait                        
000041c1  RTC_C_IRQHandler               
000041b5  Reset_Handler                  
000041c1  SVC_Handler                    
00003feb  StartCritical                  
000041c1  SysTick_Handler                
2000060c  SystemCoreClock                
00001401  SystemCoreClockUpdate          
00001679  SystemInit                     
000041c1  T32_INT1_IRQHandler            
000041c1  T32_INT2_IRQHandler            
000041c1  T32_INTC_IRQHandler            
000041c1  TA0_0_IRQHandler               
000041c1  TA0_N_IRQHandler               
00003123  TA1_0_IRQHandler               
00003123  TA1_0_IRQHandler               
000041c1  TA1_N_IRQHandler               
000041c1  TA2_0_IRQHandler               
000041c1  TA2_N_IRQHandler               
000041c1  TA3_0_IRQHandler               
000041c1  TA3_N_IRQHandler               
000030a9  Timer_A1_Interrupt_Init        
0000310f  Timer_A1_Stop                  
200007e4  Timer_A1_Task                  
00000d45  UART0_InUHex                   
000041c1  UsageFault_Handler             
4000480c  WDTCTL_SYM                     
000041c1  WDT_A_IRQHandler               
00004005  WaitForInterrupt               
20000610  __CIOBUF_                      
20010000  __STACK_END                    
00000200  __STACK_SIZE                   
00000400  __SYSMEM_SIZE                  
00004370  __TI_CINIT_Base                
00004380  __TI_CINIT_Limit               
0000435c  __TI_Handler_Table_Base        
00004368  __TI_Handler_Table_Limit       
00003d79  __TI_auto_init_nobinit_nopinit 
00003eb1  __TI_cleanup                   
200005e0  __TI_cleanup_ptr               
0000353d  __TI_closefile                 
00003765  __TI_decompress_lzss           
000041a7  __TI_decompress_none           
00003bc9  __TI_doflush                   
200005e4  __TI_dtors_ptr                 
200005e8  __TI_enable_exit_profile_output
200005d0  __TI_ft_end                    
00003b23  __TI_ltoa                      
ffffffff  __TI_pprof_out_hndl            
000000e5  __TI_printfi                   
ffffffff  __TI_prof_data_size            
ffffffff  __TI_prof_data_start           
00003ee5  __TI_readmsg                   
00000000  __TI_static_base__             
20000730  __TI_tmpnams                   
00003e41  __TI_writemsg                  
000038fd  __TI_wrt_ok                    
000040d1  __TI_zero_init_nomemset        
000033b5  __aeabi_cdcmpeq                
000033b5  __aeabi_cdcmple                
0000343b  __aeabi_cdrcmple               
00003ca9  __aeabi_d2iz                   
0000204b  __aeabi_dadd                   
00002335  __aeabi_ddiv                   
00002add  __aeabi_dmul                   
00002041  __aeabi_dsub                   
000041c5  __aeabi_errno_addr             
00003fb1  __aeabi_i2d                    
000021f7  __aeabi_idiv0                  
000021f7  __aeabi_ldiv0                  
000034c1  __aeabi_memclr                 
000034c1  __aeabi_memclr4                
000034c1  __aeabi_memclr8                
000031f5  __aeabi_memcpy                 
000031f5  __aeabi_memcpy4                
000031f5  __aeabi_memcpy8                
000034c3  __aeabi_memset                 
000034c3  __aeabi_memset4                
000034c3  __aeabi_memset8                
200005dc  __aeabi_stderr                 
200005d4  __aeabi_stdin                  
200005d8  __aeabi_stdout                 
00003291  __aeabi_uldivmod               
ffffffff  __binit__                      
ffffffff  __c_args__                     
UNDEFED   __mpu_init                     
2000fe00  __stack                        
20000000  __start___llvm_prf_cnts        
20000000  __stop___llvm_prf_cnts         
00003f19  _c_int00_noargs                
000041e4  _ctypes_                       
200004f0  _device                        
20000400  _ftable                        
200005ec  _lock                          
00000b33  _nop                           
20000568  _stream                        
20000000  _sys_memory                    
UNDEFED   _system_post_cinit             
000041dd  _system_pre_init               
200005f0  _unlock                        
000041e1  abort                          
00002f3d  add_device                     
000029dd  aligned_alloc                  
00003c15  atoi                           
ffffffff  binit                          
000039c1  close                          
00004125  copysign                       
00004125  copysignl                      
00001dad  delay                          
20000600  errno                          
00003c61  exit                           
00003f81  finddevice                     
00003159  fopen                          
00003329  fputc                          
000026a9  fputs                          
00002cc1  free                           
00003f4d  freopen                        
00003835  frexp                          
00003835  frexpl                         
00003899  fseek                          
00003dbd  getdevice                      
00000000  interruptVectors               
000028cd  ldexp                          
000028cd  ldexpl                         
00004061  lseek                          
00002591  main                           
000041cd  malloc                         
000029dd  memalign                       
00004109  memccpy                        
000040b1  memchr                         
000031f5  memcpy                         
000034c9  memset                         
00002e81  open                           
200007d8  parmbuf                        
000037cd  printf                         
00003329  putc                           
0000400d  remove                         
000028cd  scalbn                         
000028cd  scalbnl                        
00002da5  setvbuf                        
00004157  strchr                         
0000413f  strcmp                         
0000416d  strcpy                         
00004181  strlen                         
00003e79  strncpy                        
0000400d  unlink                         
00004195  wcslen                         
00004089  write                          


GLOBAL SYMBOLS: SORTED BY Symbol Address 

address   name                           
-------   ----                           
00000000  __TI_static_base__             
00000000  interruptVectors               
000000e5  __TI_printfi                   
00000200  __STACK_SIZE                   
00000400  __SYSMEM_SIZE                  
00000b33  _nop                           
00000b35  EUSCI_A0_UART_Init             
00000b83  EUSCI_A0_UART_InChar           
00000b93  EUSCI_A0_UART_OutChar          
00000baf  EUSCI_A0_UART_InString         
00000c29  EUSCI_A0_UART_OutString        
00000c47  EUSCI_A0_UART_InUDec           
00000ccb  EUSCI_A0_UART_OutUDec          
00000cfb  EUSCI_A0_UART_OutSDec          
00000d1d  EUSCI_A0_UART_OutUFix          
00000d45  UART0_InUHex                   
00000e29  EUSCI_A0_UART_OutUHex          
00000e69  EUSCI_A0_UART_Open             
00000e79  EUSCI_A0_UART_Close            
00000e85  EUSCI_A0_UART_Read             
00000eaf  EUSCI_A0_UART_Write            
00000ef1  EUSCI_A0_UART_LSeek            
00000f01  EUSCI_A0_UART_Unlink           
00000f0d  EUSCI_A0_UART_Rename           
00000f1b  EUSCI_A0_UART_Init_Printf      
00000fa9  PmodColor_Init                 
00000fd1  PmodColor_ReadRaw              
00001033  PmodColor_GetDetectedColor     
00001401  SystemCoreClockUpdate          
00001679  SystemInit                     
00001735  LED1_Init                      
00001755  LED1_Output                    
00001773  LED1_Status                    
0000178b  LED2_Init                      
000017bf  LED2_Output                    
000017dd  LED2_Toggle                    
000017f5  LED2_Status                    
0000180d  Buttons_Init                   
00001841  Get_Buttons_Status             
00001859  PMOD_8LD_Init                  
0000188d  PMOD_8LD_Output                
000018ad  PMOD_SWT_Init                  
000018cd  Get_PMOD_SWT_Status            
000018e5  LED_Pattern_1                  
00001955  LED_Pattern_2                  
00001999  LED_Controller                 
00001c91  Clock_Init48MHz                
00001da7  Clock_GetFreq                  
00001dad  delay                          
00001dbb  Clock_Delay1us                 
00001de5  Clock_Delay1ms                 
00002041  __aeabi_dsub                   
0000204b  __aeabi_dadd                   
000021f7  __aeabi_idiv0                  
000021f7  __aeabi_ldiv0                  
00002335  __aeabi_ddiv                   
00002591  main                           
000026a9  fputs                          
000028cd  ldexp                          
000028cd  ldexpl                         
000028cd  scalbn                         
000028cd  scalbnl                        
000029dd  aligned_alloc                  
000029dd  memalign                       
00002add  __aeabi_dmul                   
00002bd9  Bumper_Switches_Init           
00002c4b  Bumper_Read                    
00002c77  PORT4_IRQHandler               
00002c77  PORT4_IRQHandler               
00002cc1  free                           
00002da5  setvbuf                        
00002e81  open                           
00002f3d  add_device                     
000030a9  Timer_A1_Interrupt_Init        
0000310f  Timer_A1_Stop                  
00003123  TA1_0_IRQHandler               
00003123  TA1_0_IRQHandler               
00003159  fopen                          
000031f5  __aeabi_memcpy                 
000031f5  __aeabi_memcpy4                
000031f5  __aeabi_memcpy8                
000031f5  memcpy                         
00003291  __aeabi_uldivmod               
00003329  fputc                          
00003329  putc                           
000033b5  __aeabi_cdcmpeq                
000033b5  __aeabi_cdcmple                
0000343b  __aeabi_cdrcmple               
000034c1  __aeabi_memclr                 
000034c1  __aeabi_memclr4                
000034c1  __aeabi_memclr8                
000034c3  __aeabi_memset                 
000034c3  __aeabi_memset4                
000034c3  __aeabi_memset8                
000034c9  memset                         
0000353d  __TI_closefile                 
00003691  HOSTrename                     
000036fd  HOSTlseek                      
00003765  __TI_decompress_lzss           
000037cd  printf                         
00003835  frexp                          
00003835  frexpl                         
00003899  fseek                          
000038fd  __TI_wrt_ok                    
00003961  HOSTopen                       
000039c1  close                          
00003a1d  HOSTread                       
00003a75  HOSTwrite                      
00003b23  __TI_ltoa                      
00003bc9  __TI_doflush                   
00003c15  atoi                           
00003c61  exit                           
00003ca9  __aeabi_d2iz                   
00003cf1  HOSTclose                      
00003d35  HOSTunlink                     
00003d79  __TI_auto_init_nobinit_nopinit 
00003dbd  getdevice                      
00003e41  __TI_writemsg                  
00003e6f  C$$IO$$                        
00003e79  strncpy                        
00003eb1  __TI_cleanup                   
00003ee5  __TI_readmsg                   
00003f19  _c_int00_noargs                
00003f4d  freopen                        
00003f81  finddevice                     
00003fb1  __aeabi_i2d                    
00003fdf  DisableInterrupts              
00003fe5  EnableInterrupts               
00003feb  StartCritical                  
00003ff5  EndCritical                    
00004005  WaitForInterrupt               
0000400d  remove                         
0000400d  unlink                         
00004061  lseek                          
00004089  write                          
000040b1  memchr                         
000040d1  __TI_zero_init_nomemset        
00004109  memccpy                        
00004125  copysign                       
00004125  copysignl                      
0000413f  strcmp                         
00004157  strchr                         
0000416d  strcpy                         
00004181  strlen                         
00004195  wcslen                         
000041a7  __TI_decompress_none           
000041b5  Reset_Handler                  
000041c1  ADC14_IRQHandler               
000041c1  AES256_IRQHandler              
000041c1  BusFault_Handler               
000041c1  COMP_E0_IRQHandler             
000041c1  COMP_E1_IRQHandler             
000041c1  CS_IRQHandler                  
000041c1  DMA_ERR_IRQHandler             
000041c1  DMA_INT0_IRQHandler            
000041c1  DMA_INT1_IRQHandler            
000041c1  DMA_INT2_IRQHandler            
000041c1  DMA_INT3_IRQHandler            
000041c1  DebugMon_Handler               
000041c1  Default_Handler                
000041c1  EUSCIA0_IRQHandler             
000041c1  EUSCIA1_IRQHandler             
000041c1  EUSCIA2_IRQHandler             
000041c1  EUSCIA3_IRQHandler             
000041c1  EUSCIB0_IRQHandler             
000041c1  EUSCIB1_IRQHandler             
000041c1  EUSCIB2_IRQHandler             
000041c1  EUSCIB3_IRQHandler             
000041c1  FLCTL_IRQHandler               
000041c1  FPU_IRQHandler                 
000041c1  HardFault_Handler              
000041c1  MemManage_Handler              
000041c1  NMI_Handler                    
000041c1  PCM_IRQHandler                 
000041c1  PORT1_IRQHandler               
000041c1  PORT2_IRQHandler               
000041c1  PORT3_IRQHandler               
000041c1  PORT5_IRQHandler               
000041c1  PORT6_IRQHandler               
000041c1  PSS_IRQHandler                 
000041c1  PendSV_Handler                 
000041c1  RTC_C_IRQHandler               
000041c1  SVC_Handler                    
000041c1  SysTick_Handler                
000041c1  T32_INT1_IRQHandler            
000041c1  T32_INT2_IRQHandler            
000041c1  T32_INTC_IRQHandler            
000041c1  TA0_0_IRQHandler               
000041c1  TA0_N_IRQHandler               
000041c1  TA1_N_IRQHandler               
000041c1  TA2_0_IRQHandler               
000041c1  TA2_N_IRQHandler               
000041c1  TA3_0_IRQHandler               
000041c1  TA3_N_IRQHandler               
000041c1  UsageFault_Handler             
000041c1  WDT_A_IRQHandler               
000041c5  __aeabi_errno_addr             
000041cd  malloc                         
000041dd  _system_pre_init               
000041e1  C$$EXIT                        
000041e1  abort                          
000041e4  _ctypes_                       
0000435c  __TI_Handler_Table_Base        
00004368  __TI_Handler_Table_Limit       
00004370  __TI_CINIT_Base                
00004380  __TI_CINIT_Limit               
20000000  __start___llvm_prf_cnts        
20000000  __stop___llvm_prf_cnts         
20000000  _sys_memory                    
20000400  _ftable                        
200004f0  _device                        
20000568  _stream                        
200005b8  ClockFrequency                 
200005bc  Prewait                        
200005c0  CPMwait                        
200005c4  Postwait                       
200005c8  IFlags                         
200005cc  Crystalstable                  
200005d0  __TI_ft_end                    
200005d4  __aeabi_stdin                  
200005d8  __aeabi_stdout                 
200005dc  __aeabi_stderr                 
200005e0  __TI_cleanup_ptr               
200005e4  __TI_dtors_ptr                 
200005e8  __TI_enable_exit_profile_output
200005ec  _lock                          
200005f0  _unlock                        
20000600  errno                          
2000060c  SystemCoreClock                
20000610  __CIOBUF_                      
20000730  __TI_tmpnams                   
200007d8  parmbuf                        
200007e0  Bumper_Task                    
200007e4  Timer_A1_Task                  
2000fe00  __stack                        
20010000  __STACK_END                    
4000480c  WDTCTL_SYM                     
ffffffff  __TI_pprof_out_hndl            
ffffffff  __TI_prof_data_size            
ffffffff  __TI_prof_data_start           
ffffffff  __binit__                      
ffffffff  __c_args__                     
ffffffff  binit                          
UNDEFED   __mpu_init                     
UNDEFED   _system_post_cinit             

[245 symbols]
